First line.
This is the new second line.
Third line.