This file was created by a test.
It should use CRLF line endings.
